QA output created by 044
== Before copy up ==
zero
zero
== After write one ==
zero
one
zero
one
== After mount cycle ==
zero
one
zero
one
== After write two ==
zero
one
two
zero
one
two
