QA output created by 050
test_file_handles SCRATCH_MNT/uppertestdir
test_file_handles SCRATCH_MNT/uppertestdir -p
test_file_handles SCRATCH_MNT/uppertestdir -wrap
test_file_handles SCRATCH_MNT/lowertestdir
test_file_handles SCRATCH_MNT/lowertestdir -p
test_file_handles SCRATCH_MNT/lowertestdir -wrap
test_file_handles SCRATCH_MNT/uppertestdir -a
test_file_handles SCRATCH_MNT/uppertestdir -r
test_file_handles SCRATCH_MNT/lowertestdir -a
test_file_handles SCRATCH_MNT/lowertestdir -r
test_file_handles SCRATCH_MNT/uppertestdir -dk
test_file_handles SCRATCH_MNT/uppertestdir.rw -rwdk
test_file_handles SCRATCH_MNT/lowertestdir -dk
test_file_handles SCRATCH_MNT/lowertestdir.rw -rwdk
test_file_handles SCRATCH_MNT/uppertestdir -dp
test_file_handles SCRATCH_MNT/lowertestdir -dp
test_file_handles SCRATCH_MNT/uppertestdir
test_file_handles SCRATCH_MNT/uppertestdir -wlr
test_file_handles SCRATCH_MNT/uppertestdir -ur
test_file_handles SCRATCH_MNT/lowertestdir
test_file_handles SCRATCH_MNT/lowertestdir -wlr
test_file_handles SCRATCH_MNT/lowertestdir -ur
test_file_handles SCRATCH_MNT/uppertestdir
test_file_handles SCRATCH_MNT/uppertestdir -wur
test_file_handles SCRATCH_MNT/lowertestdir
test_file_handles SCRATCH_MNT/lowertestdir -wur
test_file_handles SCRATCH_MNT/uppertestdir
test_file_handles SCRATCH_MNT/uppertestdir -d
test_file_handles SCRATCH_MNT/lowertestdir
test_file_handles SCRATCH_MNT/lowertestdir -d
test_file_handles SCRATCH_MNT/uppertestdir -wmr
test_file_handles SCRATCH_MNT/lowertestdir -wmr
test_file_handles SCRATCH_MNT/uppertestdir.new -rwp
test_file_handles SCRATCH_MNT/lowertestdir.new -rwp
test_file_handles SCRATCH_MNT/uppertestdir.up -rp
test_file_handles SCRATCH_MNT/uppertestdir.lo -rp
test_file_handles SCRATCH_MNT/lowertestdir.up -rp
test_file_handles SCRATCH_MNT/lowertestdir.lo -rp
