QA output created by 052
test_file_handles SCRATCH_MNT.2/uppertestdir
test_file_handles SCRATCH_MNT.2/uppertestdir -p
test_file_handles SCRATCH_MNT.2/uppertestdir -wrap
test_file_handles SCRATCH_MNT.2/lowertestdir
test_file_handles SCRATCH_MNT.2/lowertestdir -p
test_file_handles SCRATCH_MNT.2/lowertestdir -wrap
test_file_handles SCRATCH_MNT.2/uppertestdir -a
test_file_handles SCRATCH_MNT.2/uppertestdir -r
test_file_handles SCRATCH_MNT.2/lowertestdir -a
test_file_handles SCRATCH_MNT.2/lowertestdir -r
test_file_handles SCRATCH_MNT.2/uppertestdir -dk
test_file_handles SCRATCH_MNT.2/uppertestdir.rw -rwdk
test_file_handles SCRATCH_MNT.2/lowertestdir -dk
test_file_handles SCRATCH_MNT.2/lowertestdir.rw -rwdk
test_file_handles SCRATCH_MNT.2/uppertestdir -dp
test_file_handles SCRATCH_MNT.2/lowertestdir -dp
test_file_handles SCRATCH_MNT.2/uppertestdir
test_file_handles SCRATCH_MNT.2/uppertestdir -wlr
test_file_handles SCRATCH_MNT.2/uppertestdir -ur
test_file_handles SCRATCH_MNT.2/lowertestdir
test_file_handles SCRATCH_MNT.2/lowertestdir -wlr
test_file_handles SCRATCH_MNT.2/lowertestdir -ur
test_file_handles SCRATCH_MNT.2/uppertestdir
test_file_handles SCRATCH_MNT.2/uppertestdir -wur
test_file_handles SCRATCH_MNT.2/lowertestdir
test_file_handles SCRATCH_MNT.2/lowertestdir -wur
test_file_handles SCRATCH_MNT.2/uppertestdir
test_file_handles SCRATCH_MNT.2/uppertestdir -d
test_file_handles SCRATCH_MNT.2/lowertestdir
test_file_handles SCRATCH_MNT.2/lowertestdir -d
test_file_handles SCRATCH_MNT.2/uppertestdir -wmr
test_file_handles SCRATCH_MNT.2/lowertestdir -wmr
test_file_handles SCRATCH_MNT.2/uppertestdir.new -rwp
test_file_handles SCRATCH_MNT.2/lowertestdir.new -rwp
test_file_handles SCRATCH_MNT.2/uppertestdir.up -rp
test_file_handles SCRATCH_MNT.2/uppertestdir.lo -rp
test_file_handles SCRATCH_MNT.2/lowertestdir.up -rp
test_file_handles SCRATCH_MNT.2/lowertestdir.lo -rp
